// Jest Snapshot v1, https://goo.gl/fbAQLP

exports[`project search finds matches 1`] = `
Array [
  Object {
    "column": 11,
    "line": 2,
    "match": "foo",
    "tc": 11,
    "value": "  function foo() {",
  },
  Object {
    "column": 4,
    "line": 3,
    "match": "foo",
    "tc": 4,
    "value": "    foo();",
  },
]
`;
